The argument `trust_remote_code` is to be used with Auto classes. It has no effect here and is ignored.
The argument `trust_remote_code` is to be used with Auto classes. It has no effect here and is ignored.
[0;36m(EngineCore_DP0 pid=92332)[0;0m [0;36m(Worker_TP0 pid=92338)[0;0m /projects/slmreasoning/junh/envs/causal/lib/python3.10/site-packages/tvm_ffi/_optional_torch_c_dlpack.py:174: UserWarning: Failed to JIT torch c dlpack extension, EnvTensorAllocator will not be enabled.
[0;36m(EngineCore_DP0 pid=92332)[0;0m [0;36m(Worker_TP0 pid=92338)[0;0m We recommend installing via `pip install torch-c-dlpack-ext`
[0;36m(EngineCore_DP0 pid=92332)[0;0m [0;36m(Worker_TP0 pid=92338)[0;0m   warnings.warn(
[0;36m(EngineCore_DP0 pid=92332)[0;0m [0;36m(Worker_TP1 pid=92340)[0;0m /projects/slmreasoning/junh/envs/causal/lib/python3.10/site-packages/tvm_ffi/_optional_torch_c_dlpack.py:174: UserWarning: Failed to JIT torch c dlpack extension, EnvTensorAllocator will not be enabled.
[0;36m(EngineCore_DP0 pid=92332)[0;0m [0;36m(Worker_TP1 pid=92340)[0;0m We recommend installing via `pip install torch-c-dlpack-ext`
[0;36m(EngineCore_DP0 pid=92332)[0;0m [0;36m(Worker_TP1 pid=92340)[0;0m   warnings.warn(
[0;36m(EngineCore_DP0 pid=92332)[0;0m [0;36m(Worker_TP0 pid=92338)[0;0m Loading safetensors checkpoint shards:   0% Completed | 0/14 [00:00<?, ?it/s]
[0;36m(EngineCore_DP0 pid=92332)[0;0m [0;36m(Worker_TP0 pid=92338)[0;0m Loading safetensors checkpoint shards:   7% Completed | 1/14 [00:06<01:26,  6.64s/it]
[0;36m(EngineCore_DP0 pid=92332)[0;0m [0;36m(Worker_TP0 pid=92338)[0;0m Loading safetensors checkpoint shards:  14% Completed | 2/14 [00:15<01:33,  7.81s/it]
[0;36m(EngineCore_DP0 pid=92332)[0;0m [0;36m(Worker_TP0 pid=92338)[0;0m Loading safetensors checkpoint shards:  21% Completed | 3/14 [00:22<01:23,  7.58s/it]
[0;36m(EngineCore_DP0 pid=92332)[0;0m [0;36m(Worker_TP0 pid=92338)[0;0m Loading safetensors checkpoint shards:  29% Completed | 4/14 [00:31<01:20,  8.02s/it]
[0;36m(EngineCore_DP0 pid=92332)[0;0m [0;36m(Worker_TP0 pid=92338)[0;0m Loading safetensors checkpoint shards:  36% Completed | 5/14 [00:39<01:11,  7.96s/it]
[0;36m(EngineCore_DP0 pid=92332)[0;0m [0;36m(Worker_TP0 pid=92338)[0;0m Loading safetensors checkpoint shards:  43% Completed | 6/14 [00:46<01:03,  7.91s/it]
[0;36m(EngineCore_DP0 pid=92332)[0;0m [0;36m(Worker_TP0 pid=92338)[0;0m Loading safetensors checkpoint shards:  50% Completed | 7/14 [00:54<00:54,  7.77s/it]
[0;36m(EngineCore_DP0 pid=92332)[0;0m [0;36m(Worker_TP0 pid=92338)[0;0m Loading safetensors checkpoint shards:  57% Completed | 8/14 [01:02<00:47,  8.00s/it]
[0;36m(EngineCore_DP0 pid=92332)[0;0m [0;36m(Worker_TP0 pid=92338)[0;0m Loading safetensors checkpoint shards:  64% Completed | 9/14 [01:11<00:40,  8.07s/it]
[0;36m(EngineCore_DP0 pid=92332)[0;0m [0;36m(Worker_TP0 pid=92338)[0;0m Loading safetensors checkpoint shards:  71% Completed | 10/14 [01:20<00:33,  8.33s/it]
[0;36m(EngineCore_DP0 pid=92332)[0;0m [0;36m(Worker_TP0 pid=92338)[0;0m Loading safetensors checkpoint shards:  79% Completed | 11/14 [01:27<00:24,  8.08s/it]
[0;36m(EngineCore_DP0 pid=92332)[0;0m [0;36m(Worker_TP0 pid=92338)[0;0m Loading safetensors checkpoint shards:  86% Completed | 12/14 [01:31<00:13,  6.89s/it]
[0;36m(EngineCore_DP0 pid=92332)[0;0m [0;36m(Worker_TP0 pid=92338)[0;0m Loading safetensors checkpoint shards:  93% Completed | 13/14 [01:40<00:07,  7.58s/it]
[0;36m(EngineCore_DP0 pid=92332)[0;0m [0;36m(Worker_TP0 pid=92338)[0;0m Loading safetensors checkpoint shards: 100% Completed | 14/14 [01:49<00:00,  7.97s/it]
[0;36m(EngineCore_DP0 pid=92332)[0;0m [0;36m(Worker_TP0 pid=92338)[0;0m Loading safetensors checkpoint shards: 100% Completed | 14/14 [01:49<00:00,  7.84s/it]
[0;36m(EngineCore_DP0 pid=92332)[0;0m [0;36m(Worker_TP0 pid=92338)[0;0m 
0it [00:00, ?it/s]0it [00:00, ?it/s]
